    Finished `dev` profile [unoptimized + debuginfo] target(s) in 0.20s
     Running `/Users/lilhammer/avinasi/delong-protocol/target/debug/secure`
[2m2025-08-24T08:16:23.848628Z[0m [32m INFO[0m [2msecure[0m[2m:[0m Starting DeLong Protocol Secure Service
[2m2025-08-24T08:16:23.848879Z[0m [32m INFO[0m [1mnew[0m[2m:[0m [2msecure::infra::db[0m[2m:[0m Initializing database connection pool
[2m2025-08-24T08:16:23.895261Z[0m [32m INFO[0m [1mnew[0m[2m:[0m [2msecure::infra::db[0m[2m:[0m Database pool created with 32 max connections
[2m2025-08-24T08:16:23.895377Z[0m [32m INFO[0m [2msecure[0m[2m:[0m Database connection established
[2m2025-08-24T08:16:23.895587Z[0m [32m INFO[0m [2msecure[0m[2m:[0m TEE client initialized
[2m2025-08-24T08:16:23.895628Z[0m [32m INFO[0m [2msecure[0m[2m:[0m TEE Ethereum manager initialized
[2m2025-08-24T08:16:23.944666Z[0m [32m INFO[0m [2msecure::infra::tee::ethereum[0m[2m:[0m Deriving new Ethereum account for context: tee-eth-account/contract-owner
[2m2025-08-24T08:16:23.952688Z[0m [32m INFO[0m [2msecure::infra::tee::ethereum[0m[2m:[0m Derived Ethereum account: 0xb5D330A4A4E2033a98b7311f17383Aa601C52acf for context: tee-eth-account/contract-owner
[2m2025-08-24T08:16:23.953941Z[0m [32m INFO[0m [2msecure::infra::contracts[0m[2m:[0m Initialized TEE wallet with address: 0xb5D330A4A4E2033a98b7311f17383Aa601C52acf
[2m2025-08-24T08:16:23.956785Z[0m [32m INFO[0m [2msecure::infra::contracts[0m[2m:[0m TEE wallet funded successfully
[2m2025-08-24T08:16:23.958216Z[0m [32m INFO[0m [2msecure[0m[2m:[0m TEE wallet funded and ready
[2m2025-08-24T08:16:23.958225Z[0m [32m INFO[0m [2msecure[0m[2m:[0m Ensuring contracts are deployed...
[2m2025-08-24T08:16:23.959707Z[0m [32m INFO[0m [2msecure::infra::contracts[0m[2m:[0m DataContribution contract already deployed at: 0xa3284b37a48f58a3df240e7c3ea494433b03efc9
[2m2025-08-24T08:16:23.960594Z[0m [32m INFO[0m [2msecure::infra::contracts[0m[2m:[0m AlgorithmReview contract already deployed at: 0x3d12efd6ac097f142a36879a21be39f3b8cb5bda
[2m2025-08-24T08:16:23.960603Z[0m [32m INFO[0m [2msecure::infra::contracts[0m[2m:[0m All contracts are deployed and accessible
[2m2025-08-24T08:16:23.960621Z[0m [32m INFO[0m [2msecure[0m[2m:[0m Contracts ready
[2m2025-08-24T08:16:23.961244Z[0m [32m INFO[0m [2msecure::workers::algo_executor[0m[2m:[0m Starting algorithm executor
[2m2025-08-24T08:16:23.961323Z[0m [32m INFO[0m [2msecure[0m[2m:[0m Starting blockchain synchronization service
[2m2025-08-24T08:16:23.961423Z[0m [32m INFO[0m [2msecure::workers::chainsync[0m[2m:[0m Starting chain sync worker
[2m2025-08-24T08:16:23.961551Z[0m [32m INFO[0m [2msecure::workers::chainsync[0m[2m:[0m Using WebSocket subscription for event processing
[2m2025-08-24T08:16:23.961692Z[0m [32m INFO[0m [2msecure::workers::chainsync[0m[2m:[0m Recovering unresolved algorithms...
[2m2025-08-24T08:16:23.962882Z[0m [32m INFO[0m [2msecure[0m[2m:[0m API server listening on 0.0.0.0:11000
[2m2025-08-24T08:16:23.965020Z[0m [32m INFO[0m [2msecure::infra::contracts[0m[2m:[0m Subscribed to contract events
[2m2025-08-24T08:16:23.965057Z[0m [32m INFO[0m [2malloy_pubsub::service[0m[2m:[0m Pubsub service request channel closed. Shutting down.
